[
  {
    "key": "common",
    "type": "nested",
    "children": [
      {
        "key": "setting1",
        "type": "fixed",
        "before": "Value 1"
      },
      {
        "key": "setting2",
        "type": "removed",
        "before": "200"
      },
      {
        "key": "setting3",
        "type": "updated",
        "before": true,
        "after": {
          "key": "value"
        }
      },
      {
        "key": "setting6",
        "type": "nested",
        "children": [
          {
            "key": "key",
            "type": "fixed",
            "before": "value"
          },
          {
            "key": "ops",
            "type": "added",
            "after": "vops"
          }
        ]
      },
      {
        "key": "setting4",
        "type": "added",
        "after": "blah blah"
      },
      {
        "key": "setting5",
        "type": "added",
        "after": {
          "key5": "value5"
        }
      }
    ]
  },
  {
    "key": "group1",
    "type": "nested",
    "children": [
      {
        "key": "baz",
        "type": "updated",
        "before": "bas",
        "after": "bars"
      },
      {
        "key": "foo",
        "type": "fixed",
        "before": "bar"
      },
      {
        "key": "nest",
        "type": "updated",
        "before": {
          "key": "value"
        },
        "after": "str"
      }
    ]
  },
  {
    "key": "group2",
    "type": "removed",
    "before": {
      "abc": "12345"
    }
  },
  {
    "key": "group3",
    "type": "added",
    "after": {
      "fee": "100500"
    }
  },
  {
    "key": "follow",
    "type": "added",
    "after": false
  }
]