[
  {
    "key": "common",
    "type": "nested",
    "children": [
      {
        "key": "setting1",
        "type": "fixed",
        "beforeValue": "Value 1"
      },
      {
        "key": "setting2",
        "type": "removed",
        "beforeValue": "200"
      },
      {
        "key": "setting3",
        "type": "updated",
        "beforeValue": true,
        "afterValue": {
          "key": "value"
        }
      },
      {
        "key": "setting6",
        "type": "nested",
        "children": [
          {
            "key": "key",
            "type": "fixed",
            "beforeValue": "value"
          },
          {
            "key": "ops",
            "type": "added",
            "afterValue": "vops"
          }
        ]
      },
      {
        "key": "setting4",
        "type": "added",
        "afterValue": "blah blah"
      },
      {
        "key": "setting5",
        "type": "added",
        "afterValue": {
          "key5": "value5"
        }
      }
    ]
  },
  {
    "key": "group1",
    "type": "nested",
    "children": [
      {
        "key": "baz",
        "type": "updated",
        "beforeValue": "bas",
        "afterValue": "bars"
      },
      {
        "key": "foo",
        "type": "fixed",
        "beforeValue": "bar"
      },
      {
        "key": "nest",
        "type": "updated",
        "beforeValue": {
          "key": "value"
        },
        "afterValue": "str"
      }
    ]
  },
  {
    "key": "group2",
    "type": "removed",
    "beforeValue": {
      "abc": "12345"
    }
  },
  {
    "key": "follow",
    "type": "added",
    "afterValue": false
  },
  {
    "key": "group3",
    "type": "added",
    "afterValue": {
      "fee": "100500"
    }
  }
]